// Jest Snapshot v1, https://goo.gl/fbAQLP

exports[`tests in HomeScreen Screen matches snapshot 1`] = `
Array [
  <RCTSafeAreaView
    backgroundColor="#FF911E"
    emulateUnlessSupported={true}
    style={
      Array [
        Object {
          "backgroundColor": "#FF911E",
        },
      ]
    }
  />,
  <RCTSafeAreaView
    emulateUnlessSupported={true}
    style={
      Array [
        Object {
          "height": 20,
        },
        Object {
          "backgroundColor": "#FF911E",
        },
      ]
    }
  />,
  <View
    backgroundColor="#FF911E"
    slim={false}
    style={
      Array [
        Object {
          "alignItems": "center",
          "backgroundColor": "#FF911E",
          "flexDirection": "row",
          "height": 56,
          "justifyContent": "space-between",
          "paddingBottom": 0,
          "paddingLeft": 16,
          "paddingRight": 16,
          "paddingTop": 0,
          "width": "100%",
        },
      ]
    }
  >
    <Image
      height={32}
      source={
        Object {
          "testUri": "../../../src/assets/icons/logo.png",
        }
      }
      width={32}
    />
    <View
      accessible={true}
      focusable={false}
      onClick={[Function]}
      onResponderGrant={[Function]}
      onResponderMove={[Function]}
      onResponderRelease={[Function]}
      onResponderTerminate={[Function]}
      onResponderTerminationRequest={[Function]}
      onStartShouldSetResponder={[Function]}
      style={
        Object {
          "flexDirection": "row",
          "justifyContent": "flex-end",
          "opacity": 1,
          "width": "100%",
        }
      }
    >
      <View
        accessible={true}
        focusable={false}
        onClick={[Function]}
        onResponderGrant={[Function]}
        onResponderMove={[Function]}
        onResponderRelease={[Function]}
        onResponderTerminate={[Function]}
        onResponderTerminationRequest={[Function]}
        onStartShouldSetResponder={[Function]}
        style={
          Object {
            "alignItems": "center",
            "height": 37,
            "justifyContent": "center",
            "marginRight": 27,
            "opacity": 1,
            "width": 37,
          }
        }
        testID="left-icon"
      >
        <Image
          source={
            Object {
              "testUri": "../../../src/assets/icons/icMessage.png",
            }
          }
        />
      </View>
      <View
        accessible={true}
        focusable={false}
        onClick={[Function]}
        onResponderGrant={[Function]}
        onResponderMove={[Function]}
        onResponderRelease={[Function]}
        onResponderTerminate={[Function]}
        onResponderTerminationRequest={[Function]}
        onStartShouldSetResponder={[Function]}
        style={
          Object {
            "alignItems": "center",
            "height": 37,
            "justifyContent": "center",
            "marginRight": 27,
            "opacity": 1,
            "width": 37,
          }
        }
        testID="right-icon"
      >
        <Image
          source={
            Object {
              "testUri": "../../../src/assets/icons/icBell.png",
            }
          }
        />
      </View>
    </View>
  </View>,
  <View
    style={
      Array [
        Object {
          "backgroundColor": "#fff",
          "flexBasis": 0,
          "flexGrow": 1,
          "flexShrink": 1,
        },
      ]
    }
  >
    <View
      style={
        Array [
          Object {
            "alignItems": "center",
            "justifyContent": "center",
            "marginTop": 10,
            "paddingBottom": 10,
            "paddingLeft": 10,
            "paddingRight": 10,
            "paddingTop": 10,
            "width": "100%",
          },
        ]
      }
    >
      <View
        borderColor="#878787"
        marginBottom={8}
        marginLeft={0}
        marginRight={0}
        marginTop={0}
        paddingBottom={0}
        paddingLeft={16}
        paddingRight={16}
        paddingTop={0}
        style={
          Array [
            Object {
              "borderColor": "#878787",
              "borderRadius": 8,
              "borderWidth": 1,
              "flexDirection": "row",
              "height": 56,
              "justifyContent": "space-between",
              "marginBottom": 8,
              "marginLeft": 0,
              "marginRight": 0,
              "marginTop": 0,
              "paddingBottom": 0,
              "paddingLeft": 16,
              "paddingRight": 16,
              "paddingTop": 0,
              "width": "100%",
            },
          ]
        }
        width="100%"
      >
        <Text
          backgroundColor="#FFF"
          color="#878787"
          style={
            Object {
              "backgroundColor": "#FFF",
              "color": "#878787",
              "fontSize": 16,
              "left": 16,
              "letterSpacing": 0.15,
              "lineHeight": 24,
              "paddingLeft": 4,
              "paddingRight": 4,
              "position": "absolute",
              "top": 16,
            }
          }
        >
          Pesquisar Her√≥is
        </Text>
        <TextInput
          allowFontScaling={true}
          autoCapitalize="none"
          autoCompleteType="off"
          autoFocus={false}
          blurOnSubmit={true}
          editable={true}
          keyboardType="default"
          onBlur={[Function]}
          onChangeText={[Function]}
          onFocus={[Function]}
          onSubmitEditing={[Function]}
          rejectResponderTermination={true}
          returnKeyType="done"
          secureTextEntry={false}
          style={
            Array [
              Object {
                "color": "#878787",
                "fontSize": 16,
                "width": "90%",
              },
            ]
          }
          underlineColorAndroid="transparent"
          value=""
        />
        <View
          style={
            Array [
              Object {
                "justifyContent": "center",
              },
            ]
          }
        />
      </View>
    </View>
    <View
      style={
        Array [
          Object {
            "backgroundColor": "#fff",
            "flexBasis": 0,
            "flexGrow": 1,
            "flexShrink": 1,
            "marginLeft": 10,
            "marginRight": 10,
            "marginTop": 20,
          },
        ]
      }
    >
      <RCTScrollView
        data={Array []}
        disableVirtualization={false}
        getItem={[Function]}
        getItemCount={[Function]}
        horizontal={false}
        initialNumToRender={10}
        keyExtractor={[Function]}
        maxToRenderPerBatch={10}
        onContentSizeChange={[Function]}
        onEndReachedThreshold={2}
        onLayout={[Function]}
        onMomentumScrollEnd={[Function]}
        onScroll={[Function]}
        onScrollBeginDrag={[Function]}
        onScrollEndDrag={[Function]}
        removeClippedSubviews={false}
        renderItem={[Function]}
        scrollEventThrottle={50}
        stickyHeaderIndices={Array []}
        updateCellsBatchingPeriod={50}
        viewabilityConfigCallbackPairs={Array []}
        windowSize={21}
      >
        <View />
      </RCTScrollView>
    </View>
  </View>,
]
`;
